Archive member included to satisfy reference by file (symbol)

/home/club/st/stm32cubeide_2.1.1/plugins/com.st.stm32cube.ide.mcu.externaltools.gnu-tools-for-stm32.14.3.rel1.linux64_1.0.100.202602081740/tools/bin/../lib/gcc/arm-none-eabi/14.3.1/../../../../arm-none-eabi/lib/thumb/v7e-m+fp/hard/libc_nano.a(libc_a-exit.o)
                              /home/club/st/stm32cubeide_2.1.1/plugins/com.st.stm32cube.ide.mcu.externaltools.gnu-tools-for-stm32.14.3.rel1.linux64_1.0.100.202602081740/tools/bin/../lib/gcc/arm-none-eabi/14.3.1/../../../../arm-none-eabi/lib/thumb/v7e-m+fp/hard/crt0.o (exit)
/home/club/st/stm32cubeide_2.1.1/plugins/com.st.stm32cube.ide.mcu.externaltools.gnu-tools-for-stm32.14.3.rel1.linux64_1.0.100.202602081740/tools/bin/../lib/gcc/arm-none-eabi/14.3.1/../../../../arm-none-eabi/lib/thumb/v7e-m+fp/hard/libc_nano.a(libc_a-malloc.o)
                              ./Core/Src/emote.o (malloc)
/home/club/st/stm32cubeide_2.1.1/plugins/com.st.stm32cube.ide.mcu.externaltools.gnu-tools-for-stm32.14.3.rel1.linux64_1.0.100.202602081740/tools/bin/../lib/gcc/arm-none-eabi/14.3.1/../../../../arm-none-eabi/lib/thumb/v7e-m+fp/hard/libc_nano.a(libc_a-mallocr.o)
                              /home/club/st/stm32cubeide_2.1.1/plugins/com.st.stm32cube.ide.mcu.externaltools.gnu-tools-for-stm32.14.3.rel1.linux64_1.0.100.202602081740/tools/bin/../lib/gcc/arm-none-eabi/14.3.1/../../../../arm-none-eabi/lib/thumb/v7e-m+fp/hard/libc_nano.a(libc_a-malloc.o) (_malloc_r)
/home/club/st/stm32cubeide_2.1.1/plugins/com.st.stm32cube.ide.mcu.externaltools.gnu-tools-for-stm32.14.3.rel1.linux64_1.0.100.202602081740/tools/bin/../lib/gcc/arm-none-eabi/14.3.1/../../../../arm-none-eabi/lib/thumb/v7e-m+fp/hard/libc_nano.a(libc_a-mlock.o)
                              /home/club/st/stm32cubeide_2.1.1/plugins/com.st.stm32cube.ide.mcu.externaltools.gnu-tools-for-stm32.14.3.rel1.linux64_1.0.100.202602081740/tools/bin/../lib/gcc/arm-none-eabi/14.3.1/../../../../arm-none-eabi/lib/thumb/v7e-m+fp/hard/libc_nano.a(libc_a-mallocr.o) (__malloc_lock)
/home/club/st/stm32cubeide_2.1.1/plugins/com.st.stm32cube.ide.mcu.externaltools.gnu-tools-for-stm32.14.3.rel1.linux64_1.0.100.202602081740/tools/bin/../lib/gcc/arm-none-eabi/14.3.1/../../../../arm-none-eabi/lib/thumb/v7e-m+fp/hard/libc_nano.a(libc_a-findfp.o)
                              /home/club/st/stm32cubeide_2.1.1/plugins/com.st.stm32cube.ide.mcu.externaltools.gnu-tools-for-stm32.14.3.rel1.linux64_1.0.100.202602081740/tools/bin/../lib/gcc/arm-none-eabi/14.3.1/../../../../arm-none-eabi/lib/thumb/v7e-m+fp/hard/libc_nano.a(libc_a-exit.o) (__stdio_exit_handler)
/home/club/st/stm32cubeide_2.1.1/plugins/com.st.stm32cube.ide.mcu.externaltools.gnu-tools-for-stm32.14.3.rel1.linux64_1.0.100.202602081740/tools/bin/../lib/gcc/arm-none-eabi/14.3.1/../../../../arm-none-eabi/lib/thumb/v7e-m+fp/hard/libc_nano.a(libc_a-fwalk.o)
                              /home/club/st/stm32cubeide_2.1.1/plugins/com.st.stm32cube.ide.mcu.externaltools.gnu-tools-for-stm32.14.3.rel1.linux64_1.0.100.202602081740/tools/bin/../lib/gcc/arm-none-eabi/14.3.1/../../../../arm-none-eabi/lib/thumb/v7e-m+fp/hard/libc_nano.a(libc_a-findfp.o) (_fwalk_sglue)
/home/club/st/stm32cubeide_2.1.1/plugins/com.st.stm32cube.ide.mcu.externaltools.gnu-tools-for-stm32.14.3.rel1.linux64_1.0.100.202602081740/tools/bin/../lib/gcc/arm-none-eabi/14.3.1/../../../../arm-none-eabi/lib/thumb/v7e-m+fp/hard/libc_nano.a(libc_a-stdio.o)
                              /home/club/st/stm32cubeide_2.1.1/plugins/com.st.stm32cube.ide.mcu.externaltools.gnu-tools-for-stm32.14.3.rel1.linux64_1.0.100.202602081740/tools/bin/../lib/gcc/arm-none-eabi/14.3.1/../../../../arm-none-eabi/lib/thumb/v7e-m+fp/hard/libc_nano.a(libc_a-findfp.o) (__sread)
/home/club/st/stm32cubeide_2.1.1/plugins/com.st.stm32cube.ide.mcu.externaltools.gnu-tools-for-stm32.14.3.rel1.linux64_1.0.100.202602081740/tools/bin/../lib/gcc/arm-none-eabi/14.3.1/../../../../arm-none-eabi/lib/thumb/v7e-m+fp/hard/libc_nano.a(libc_a-memset.o)
                              /home/club/st/stm32cubeide_2.1.1/plugins/com.st.stm32cube.ide.mcu.externaltools.gnu-tools-for-stm32.14.3.rel1.linux64_1.0.100.202602081740/tools/bin/../lib/gcc/arm-none-eabi/14.3.1/../../../../arm-none-eabi/lib/thumb/v7e-m+fp/hard/crt0.o (memset)
/home/club/st/stm32cubeide_2.1.1/plugins/com.st.stm32cube.ide.mcu.externaltools.gnu-tools-for-stm32.14.3.rel1.linux64_1.0.100.202602081740/tools/bin/../lib/gcc/arm-none-eabi/14.3.1/../../../../arm-none-eabi/lib/thumb/v7e-m+fp/hard/libc_nano.a(libc_a-closer.o)
                              /home/club/st/stm32cubeide_2.1.1/plugins/com.st.stm32cube.ide.mcu.externaltools.gnu-tools-for-stm32.14.3.rel1.linux64_1.0.100.202602081740/tools/bin/../lib/gcc/arm-none-eabi/14.3.1/../../../../arm-none-eabi/lib/thumb/v7e-m+fp/hard/libc_nano.a(libc_a-stdio.o) (_close_r)
[...]
Memory Configuration

Name             Origin             Length             Attributes
RAM              0x20000000         0x00020000         xrw
FLASH            0x08000000         0x00080000         xr
*default*        0x00000000         0xffffffff

Linker script and memory map

LOAD /home/club/st/stm32cubeide_2.1.1/plugins/com.st.stm32cube.ide.mcu.externaltools.gnu-tools-for-stm32.14.3.rel1.linux64_1.0.100.202602081740/tools/bin/../lib/gcc/arm-none-eabi/14.3.1/thumb/v7e-m+fp/hard/crti.o
LOAD /home/club/st/stm32cubeide_2.1.1/plugins/com.st.stm32cube.ide.mcu.externaltools.gnu-tools-for-stm32.14.3.rel1.linux64_1.0.100.202602081740/tools/bin/../lib/gcc/arm-none-eabi/14.3.1/thumb/v7e-m+fp/hard/crtbegin.o
LOAD /home/club/st/stm32cubeide_2.1.1/plugins/com.st.stm32cube.ide.mcu.externaltools.gnu-tools-for-stm32.14.3.rel1.linux64_1.0.100.202602081740/tools/bin/../lib/gcc/arm-none-eabi/14.3.1/../../../../arm-none-eabi/lib/thumb/v7e-m+fp/hard/crt0.o
LOAD ./Core/Src/emote.o
LOAD ./Core/Src/fumobot.o
LOAD ./Core/Src/main.o
LOAD ./Core/Src/servo.o
LOAD ./Core/Src/stm32f4xx_hal_msp.o
LOAD ./Core/Src/stm32f4xx_it.o
LOAD ./Core/Src/syscalls.o
LOAD ./Core/Src/sysmem.o
LOAD ./Core/Src/system_stm32f4xx.o
LOAD ./Core/Startup/startup_stm32f411ceux.o
LOAD ./Drivers/STM32F4xx_HAL_Driver/Src/stm32f4xx_hal.o
LOAD ./Drivers/STM32F4xx_HAL_Driver/Src/stm32f4xx_hal_adc.o
LOAD ./Drivers/STM32F4xx_HAL_Driver/Src/stm32f4xx_hal_adc_ex.o
LOAD ./Drivers/STM32F4xx_HAL_Driver/Src/stm32f4xx_hal_cortex.o
LOAD ./Drivers/STM32F4xx_HAL_Driver/Src/stm32f4xx_hal_dma.o
LOAD ./Drivers/STM32F4xx_HAL_Driver/Src/stm32f4xx_hal_dma_ex.o
LOAD ./Drivers/STM32F4xx_HAL_Driver/Src/stm32f4xx_hal_exti.o
LOAD ./Drivers/STM32F4xx_HAL_Driver/Src/stm32f4xx_hal_flash.o
LOAD ./Drivers/STM32F4xx_HAL_Driver/Src/stm32f4xx_hal_flash_ex.o
LOAD ./Drivers/STM32F4xx_HAL_Driver/Src/stm32f4xx_hal_flash_ramfunc.o
LOAD ./Drivers/STM32F4xx_HAL_Driver/Src/stm32f4xx_hal_gpio.o
LOAD ./Drivers/STM32F4xx_HAL_Driver/Src/stm32f4xx_hal_pwr.o
LOAD ./Drivers/STM32F4xx_HAL_Driver/Src/stm32f4xx_hal_pwr_ex.o
LOAD ./Drivers/STM32F4xx_HAL_Driver/Src/stm32f4xx_hal_rcc.o
LOAD ./Drivers/STM32F4xx_HAL_Driver/Src/stm32f4xx_hal_rcc_ex.o
LOAD ./Drivers/STM32F4xx_HAL_Driver/Src/stm32f4xx_hal_tim.o
LOAD ./Drivers/STM32F4xx_HAL_Driver/Src/stm32f4xx_hal_tim_ex.o
START GROUP
LOAD /home/club/st/stm32cubeide_2.1.1/plugins/com.st.stm32cube.ide.mcu.externaltools.gnu-tools-for-stm32.14.3.rel1.linux64_1.0.100.202602081740/tools/bin/../lib/gcc/arm-none-eabi/14.3.1/../../../../arm-none-eabi/lib/thumb/v7e-m+fp/hard/libc_nano.a
LOAD /home/club/st/stm32cubeide_2.1.1/plugins/com.st.stm32cube.ide.mcu.externaltools.gnu-tools-for-stm32.14.3.rel1.linux64_1.0.100.202602081740/tools/bin/../lib/gcc/arm-none-eabi/14.3.1/../../../../arm-none-eabi/lib/thumb/v7e-m+fp/hard/libm.a
END GROUP
START GROUP
LOAD /home/club/st/stm32cubeide_2.1.1/plugins/com.st.stm32cube.ide.mcu.externaltools.gnu-tools-for-stm32.14.3.rel1.linux64_1.0.100.202602081740/tools/bin/../lib/gcc/arm-none-eabi/14.3.1/thumb/v7e-m+fp/hard/libgcc.a
LOAD /home/club/st/stm32cubeide_2.1.1/plugins/com.st.stm32cube.ide.mcu.externaltools.gnu-tools-for-stm32.14.3.rel1.linux64_1.0.100.202602081740/tools/bin/../lib/gcc/arm-none-eabi/14.3.1/../../../../arm-none-eabi/lib/thumb/v7e-m+fp/hard/libc_nano.a
END GROUP
START GROUP
LOAD /home/club/st/stm32cubeide_2.1.1/plugins/com.st.stm32cube.ide.mcu.externaltools.gnu-tools-for-stm32.14.3.rel1.linux64_1.0.100.202602081740/tools/bin/../lib/gcc/arm-none-eabi/14.3.1/thumb/v7e-m+fp/hard/libgcc.a
LOAD /home/club/st/stm32cubeide_2.1.1/plugins/com.st.stm32cube.ide.mcu.externaltools.gnu-tools-for-stm32.14.3.rel1.linux64_1.0.100.202602081740/tools/bin/../lib/gcc/arm-none-eabi/14.3.1/../../../../arm-none-eabi/lib/thumb/v7e-m+fp/hard/libc_nano.a
LOAD /home/club/st/stm32cubeide_2.1.1/plugins/com.st.stm32cube.ide.mcu.externaltools.gnu-tools-for-stm32.14.3.rel1.linux64_1.0.100.202602081740/tools/bin/../lib/gcc/arm-none-eabi/14.3.1/../../../../arm-none-eabi/lib/thumb/v7e-m+fp/hard/libnosys.a
END GROUP
START GROUP
LOAD /home/club/st/stm32cubeide_2.1.1/plugins/com.st.stm32cube.ide.mcu.externaltools.gnu-tools-for-stm32.14.3.rel1.linux64_1.0.100.202602081740/tools/bin/../lib/gcc/arm-none-eabi/14.3.1/thumb/v7e-m+fp/hard/libgcc.a
LOAD /home/club/st/stm32cubeide_2.1.1/plugins/com.st.stm32cube.ide.mcu.externaltools.gnu-tools-for-stm32.14.3.rel1.linux64_1.0.100.202602081740/tools/bin/../lib/gcc/arm-none-eabi/14.3.1/../../../../arm-none-eabi/lib/thumb/v7e-m+fp/hard/libc_nano.a
LOAD /home/club/st/stm32cubeide_2.1.1/plugins/com.st.stm32cube.ide.mcu.externaltools.gnu-tools-for-stm32.14.3.rel1.linux64_1.0.100.202602081740/tools/bin/../lib/gcc/arm-none-eabi/14.3.1/../../../../arm-none-eabi/lib/thumb/v7e-m+fp/hard/libnosys.a
END GROUP
LOAD /home/club/st/stm32cubeide_2.1.1/plugins/com.st.stm32cube.ide.mcu.externaltools.gnu-tools-for-stm32.14.3.rel1.linux64_1.0.100.202602081740/tools/bin/../lib/gcc/arm-none-eabi/14.3.1/thumb/v7e-m+fp/hard/crtend.o
LOAD /home/club/st/stm32cubeide_2.1.1/plugins/com.st.stm32cube.ide.mcu.externaltools.gnu-tools-for-stm32.14.3.rel1.linux64_1.0.100.202602081740/tools/bin/../lib/gcc/arm-none-eabi/14.3.1/thumb/v7e-m+fp/hard/crtn.o
                0x20020000                        _estack = (ORIGIN (RAM) + LENGTH (RAM))
                0x00000200                        _Min_Heap_Size = 0x200
                0x00000400                        _Min_Stack_Size = 0x400

.isr_vector     0x08000000      0x198
                0x08000000                        . = ALIGN (0x4)
 *(.isr_vector)
 .isr_vector    0x08000000      0x198 ./Core/Startup/startup_stm32f411ceux.o
                0x08000000                g_pfnVectors
                0x08000198                        . = ALIGN (0x4)

.text           0x08000198     0x35ac
                0x08000198                        . = ALIGN (0x4)
 *(.text)
 .text          0x08000198       0x40 /home/club/st/stm32cubeide_2.1.1/plugins/com.st.stm32cube.ide.mcu.externaltools.gnu-tools-for-stm32.14.3.rel1.linux64_1.0.100.202602081740/tools/bin/../lib/gcc/arm-none-eabi/14.3.1/thumb/v7e-m+fp/hard/crtbegin.o
 .text          0x080001d8       0x30 /home/club/st/stm32cubeide_2.1.1/plugins/com.st.stm32cube.ide.mcu.externaltools.gnu-tools-for-stm32.14.3.rel1.linux64_1.0.100.202602081740/tools/bin/../lib/gcc/arm-none-eabi/14.3.1/thumb/v7e-m+fp/hard/libgcc.a(_aeabi_uldivmod.o)
                0x080001d8                __aeabi_uldivmod
 .text          0x08000208      0x2f8 /home/club/st/stm32cubeide_2.1.1/plugins/com.st.stm32cube.ide.mcu.externaltools.gnu-tools-for-stm32.14.3.rel1.linux64_1.0.100.202602081740/tools/bin/../lib/gcc/arm-none-eabi/14.3.1/thumb/v7e-m+fp/hard/libgcc.a(_udivmoddi4.o)
                0x08000208                __udivmoddi4
 .text          0x08000500        0x4 /home/club/st/stm32cubeide_2.1.1/plugins/com.st.stm32cube.ide.mcu.externaltools.gnu-tools-for-stm32.14.3.rel1.linux64_1.0.100.202602081740/tools/bin/../lib/gcc/arm-none-eabi/14.3.1/thumb/v7e-m+fp/hard/libgcc.a(_dvmd_tls.o)
                0x08000500                __aeabi_ldiv0
                0x08000500                __aeabi_idiv0
 *(.text*)
 .text.emote_initPlayer
                0x08000504       0x98 ./Core/Src/emote.o
                0x08000504                emote_initPlayer
 .text.emote_start
                0x0800059c       0xba ./Core/Src/emote.o
                0x0800059c                emote_start
 .text.goToNextCommand
                0x08000656       0x9c ./Core/Src/emote.o
                0x08000656                goToNextCommand
 *fill*         0x080006f2        0x2 
 .text.emote_update
                0x080006f4      0x33c ./Core/Src/emote.o
                0x080006f4                emote_update
 .text.fumobot_initHandles
                0x08000a30       0x20 ./Core/Src/fumobot.o
                0x08000a30                fumobot_initHandles
 .text.fumobot_init
                0x08000a50      0x154 ./Core/Src/fumobot.o
                0x08000a50                fumobot_init
 .text.fumobot_mainLoop
                0x08000ba4       0x4c ./Core/Src/fumobot.o
                0x08000ba4                fumobot_mainLoop
 .text.main     0x08000bf0       0x54 ./Core/Src/main.o
                0x08000bf0                main
 .text.SystemClock_Config
                0x08000c44       0xbc ./Core/Src/main.o
                0x08000c44                SystemClock_Config
 .text.MX_ADC1_Init
                0x08000d00       0xa4 ./Core/Src/main.o
 .text.MX_TIM2_Init
                0x08000da4      0x138 ./Core/Src/main.o
 .text.MX_GPIO_Init
                0x08000edc       0x88 ./Core/Src/main.o
 .text.Error_Handler
                0x08000f64        0xc ./Core/Src/main.o
                0x08000f64                Error_Handler
 .text.servo_initHandle
                0x08000f70       0x84 ./Core/Src/servo.o
                0x08000f70                servo_initHandle
 .text.servo_setAngled0
                0x08000ff4      0x142 ./Core/Src/servo.o
                0x08000ff4                servo_setAngled0
 .text.servo_setAngled1
                0x08001136       0x78 ./Core/Src/servo.o
                0x08001136                servo_setAngled1
 *fill*         0x080011ae        0x2 
 .text.servo_update
                0x080011b0      0x11c ./Core/Src/servo.o
                0x080011b0                servo_update
 .text.HAL_MspInit
                0x080012cc       0x50 ./Core/Src/stm32f4xx_hal_msp.o
                0x080012cc                HAL_MspInit
 .text.HAL_ADC_MspInit
                0x0800131c       0x88 ./Core/Src/stm32f4xx_hal_msp.o
                0x0800131c                HAL_ADC_MspInit
 .text.HAL_TIM_Base_MspInit
                0x080013a4       0x40 ./Core/Src/stm32f4xx_hal_msp.o
                0x080013a4                HAL_TIM_Base_MspInit
 .text.HAL_TIM_MspPostInit
                0x080013e4       0x70 ./Core/Src/stm32f4xx_hal_msp.o
                0x080013e4                HAL_TIM_MspPostInit
 .text.NMI_Handler
                0x08001454        0x8 ./Core/Src/stm32f4xx_it.o
                0x08001454                NMI_Handler
 .text.HardFault_Handler
                0x0800145c        0x8 ./Core/Src/stm32f4xx_it.o
                0x0800145c                HardFault_Handler
 .text.MemManage_Handler
                0x08001464        0x8 ./Core/Src/stm32f4xx_it.o
                0x08001464                MemManage_Handler
 .text.BusFault_Handler
                0x0800146c        0x8 ./Core/Src/stm32f4xx_it.o
                0x0800146c                BusFault_Handler
 .text.UsageFault_Handler
                0x08001474        0x8 ./Core/Src/stm32f4xx_it.o
                0x08001474                UsageFault_Handler
 .text.SVC_Handler
                0x0800147c        0xe ./Core/Src/stm32f4xx_it.o
                0x0800147c                SVC_Handler
 .text.DebugMon_Handler
                0x0800148a        0xe ./Core/Src/stm32f4xx_it.o
                0x0800148a                DebugMon_Handler
 .text.PendSV_Handler
                0x08001498        0xe ./Core/Src/stm32f4xx_it.o
                0x08001498                PendSV_Handler
 .text.SysTick_Handler
                0x080014a6        0xc ./Core/Src/stm32f4xx_it.o
                0x080014a6                SysTick_Handler
 *fill*         0x080014b2        0x2 
 .text._sbrk    0x080014b4       0x6c ./Core/Src/sysmem.o
                0x080014b4                _sbrk
 .text.SystemInit
                0x08001520       0x24 ./Core/Src/system_stm32f4xx.o
                0x08001520                SystemInit
 .text.Reset_Handler
                0x08001544       0x50 ./Core/Startup/startup_stm32f411ceux.o
                0x08001544                Reset_Handler
 .text.Default_Handler
                0x08001594        0x2 ./Core/Startup/startup_stm32f411ceux.o
                0x08001594                RTC_Alarm_IRQHandler
                0x08001594                EXTI2_IRQHandler
                0x08001594                SPI4_IRQHandler
                0x08001594                TIM1_CC_IRQHandler
                0x08001594                DMA2_Stream5_IRQHandler
                0x08001594                DMA1_Stream5_IRQHandler
                0x08001594                PVD_IRQHandler
                0x08001594                SDIO_IRQHandler
                0x08001594                TAMP_STAMP_IRQHandler
                0x08001594                EXTI3_IRQHandler
                0x08001594                TIM1_UP_TIM10_IRQHandler
                0x08001594                I2C3_ER_IRQHandler
                0x08001594                EXTI0_IRQHandler
                0x08001594                I2C2_EV_IRQHandler
                0x08001594                DMA1_Stream2_IRQHandler
                0x08001594                FPU_IRQHandler
                0x08001594                DMA2_Stream2_IRQHandler
                0x08001594                SPI1_IRQHandler
                0x08001594                TIM1_BRK_TIM9_IRQHandler
                0x08001594                DMA2_Stream3_IRQHandler
                0x08001594                USART6_IRQHandler
                0x08001594                DMA2_Stream0_IRQHandler
                0x08001594                TIM4_IRQHandler
                0x08001594                I2C1_EV_IRQHandler
                0x08001594                DMA1_Stream6_IRQHandler
                0x08001594                DMA1_Stream1_IRQHandler
                0x08001594                TIM3_IRQHandler
                0x08001594                RCC_IRQHandler
                0x08001594                Default_Handler
                0x08001594                EXTI15_10_IRQHandler
                0x08001594                ADC_IRQHandler
                0x08001594                DMA1_Stream7_IRQHandler
                0x08001594                SPI5_IRQHandler
                0x08001594                TIM5_IRQHandler
                0x08001594                DMA2_Stream7_IRQHandler
                0x08001594                I2C3_EV_IRQHandler
                0x08001594                EXTI9_5_IRQHandler
                0x08001594                RTC_WKUP_IRQHandler
                0x08001594                SPI2_IRQHandler
                0x08001594                DMA1_Stream0_IRQHandler
                0x08001594                EXTI4_IRQHandler
                0x08001594                WWDG_IRQHandler
                0x08001594                TIM2_IRQHandler
                0x08001594                OTG_FS_WKUP_IRQHandler
                0x08001594                TIM1_TRG_COM_TIM11_IRQHandler
                0x08001594                EXTI1_IRQHandler
                0x08001594                USART2_IRQHandler
                0x08001594                I2C2_ER_IRQHandler
                0x08001594                DMA2_Stream1_IRQHandler
                0x08001594                FLASH_IRQHandler
                0x08001594                DMA2_Stream4_IRQHandler
                0x08001594                USART1_IRQHandler
                0x08001594                OTG_FS_IRQHandler
                0x08001594                SPI3_IRQHandler
                0x08001594                DMA1_Stream4_IRQHandler
                0x08001594                I2C1_ER_IRQHandler
                0x08001594                DMA2_Stream6_IRQHandler
                0x08001594                DMA1_Stream3_IRQHandler
 *fill*         0x08001596        0x2 
 .text.HAL_Init
                0x08001598       0x44 ./Drivers/STM32F4xx_HAL_Driver/Src/stm32f4xx_hal.o
                0x08001598                HAL_Init
 .text.HAL_InitTick
                0x080015dc       0x60 ./Drivers/STM32F4xx_HAL_Driver/Src/stm32f4xx_hal.o
                0x080015dc                HAL_InitTick
 .text.HAL_IncTick
                0x0800163c       0x28 ./Drivers/STM32F4xx_HAL_Driver/Src/stm32f4xx_hal.o
                0x0800163c                HAL_IncTick
 .text.HAL_GetTick
                0x08001664       0x18 ./Drivers/STM32F4xx_HAL_Driver/Src/stm32f4xx_hal.o
                0x08001664                HAL_GetTick
 .text.HAL_Delay
                0x0800167c       0x48 ./Drivers/STM32F4xx_HAL_Driver/Src/stm32f4xx_hal.o
                0x0800167c                HAL_Delay
 .text.HAL_ADC_Init
                0x080016c4       0x86 ./Drivers/STM32F4xx_HAL_Driver/Src/stm32f4xx_hal_adc.o
                0x080016c4                HAL_ADC_Init
 *fill*         0x0800174a        0x2 
 .text.HAL_ADC_ConfigChannel
                0x0800174c      0x264 ./Drivers/STM32F4xx_HAL_Driver/Src/stm32f4xx_hal_adc.o
                0x0800174c                HAL_ADC_ConfigChannel
 .text.ADC_Init
                0x080019b0      0x1f8 ./Drivers/STM32F4xx_HAL_Driver/Src/stm32f4xx_hal_adc.o
 .text.__NVIC_SetPriorityGrouping
                0x08001ba8       0x48 ./Drivers/STM32F4xx_HAL_Driver/Src/stm32f4xx_hal_cortex.o
 .text.__NVIC_GetPriorityGrouping
                0x08001bf0       0x1c ./Drivers/STM32F4xx_HAL_Driver/Src/stm32f4xx_hal_cortex.o
 .text.__NVIC_SetPriority
                0x08001c0c       0x54 ./Drivers/STM32F4xx_HAL_Driver/Src/stm32f4xx_hal_cortex.o
 .text.NVIC_EncodePriority
                0x08001c60       0x66 ./Drivers/STM32F4xx_HAL_Driver/Src/stm32f4xx_hal_cortex.o
 *fill*         0x08001cc6        0x2 
 .text.SysTick_Config
                0x08001cc8       0x44 ./Drivers/STM32F4xx_HAL_Driver/Src/stm32f4xx_hal_cortex.o
 .text.HAL_NVIC_SetPriorityGrouping
                0x08001d0c       0x16 ./Drivers/STM32F4xx_HAL_Driver/Src/stm32f4xx_hal_cortex.o
                0x08001d0c                HAL_NVIC_SetPriorityGrouping
 .text.HAL_NVIC_SetPriority
                0x08001d22       0x38 ./Drivers/STM32F4xx_HAL_Driver/Src/stm32f4xx_hal_cortex.o
                0x08001d22                HAL_NVIC_SetPriority
 .text.HAL_SYSTICK_Config
                0x08001d5a       0x18 ./Drivers/STM32F4xx_HAL_Driver/Src/stm32f4xx_hal_cortex.o
                0x08001d5a                HAL_SYSTICK_Config
 *fill*         0x08001d72        0x2 
 .text.HAL_GPIO_Init
                0x08001d74      0x308 ./Drivers/STM32F4xx_HAL_Driver/Src/stm32f4xx_hal_gpio.o
                0x08001d74                HAL_GPIO_Init
 .text.HAL_GPIO_WritePin
                0x0800207c       0x32 ./Drivers/STM32F4xx_HAL_Driver/Src/stm32f4xx_hal_gpio.o
                0x0800207c                HAL_GPIO_WritePin
 *fill*         0x080020ae        0x2 
 .text.HAL_RCC_OscConfig
                0x080020b0      0x4f0 ./Drivers/STM32F4xx_HAL_Driver/Src/stm32f4xx_hal_rcc.o
                0x080020b0                HAL_RCC_OscConfig
 .text.HAL_RCC_ClockConfig
                0x080025a0      0x1cc ./Drivers/STM32F4xx_HAL_Driver/Src/stm32f4xx_hal_rcc.o
                0x080025a0                HAL_RCC_ClockConfig
 .text.HAL_RCC_GetSysClockFreq
                0x0800276c      0x188 ./Drivers/STM32F4xx_HAL_Driver/Src/stm32f4xx_hal_rcc.o
                0x0800276c                HAL_RCC_GetSysClockFreq
 .text.HAL_TIM_Base_Init
                0x080028f4       0x9e ./Drivers/STM32F4xx_HAL_Driver/Src/stm32f4xx_hal_tim.o
                0x080028f4                HAL_TIM_Base_Init
 .text.HAL_TIM_PWM_Init
                0x08002992       0x9e ./Drivers/STM32F4xx_HAL_Driver/Src/stm32f4xx_hal_tim.o
                0x08002992                HAL_TIM_PWM_Init
 .text.HAL_TIM_PWM_MspInit
                0x08002a30       0x14 ./Drivers/STM32F4xx_HAL_Driver/Src/stm32f4xx_hal_tim.o
                0x08002a30                HAL_TIM_PWM_MspInit
 .text.HAL_TIM_PWM_Start
                0x08002a44      0x160 ./Drivers/STM32F4xx_HAL_Driver/Src/stm32f4xx_hal_tim.o
                0x08002a44                HAL_TIM_PWM_Start
 .text.HAL_TIM_PWM_ConfigChannel
                0x08002ba4      0x184 ./Drivers/STM32F4xx_HAL_Driver/Src/stm32f4xx_hal_tim.o
                0x08002ba4                HAL_TIM_PWM_ConfigChannel
 .text.HAL_TIM_ConfigClockSource
                0x08002d28      0x18e ./Drivers/STM32F4xx_HAL_Driver/Src/stm32f4xx_hal_tim.o
                0x08002d28                HAL_TIM_ConfigClockSource
 *fill*         0x08002eb6        0x2 
 .text.TIM_Base_SetConfig
                0x08002eb8      0x10c ./Drivers/STM32F4xx_HAL_Driver/Src/stm32f4xx_hal_tim.o
                0x08002eb8                TIM_Base_SetConfig
 .text.TIM_OC1_SetConfig
                0x08002fc4       0xcc ./Drivers/STM32F4xx_HAL_Driver/Src/stm32f4xx_hal_tim.o
 .text.TIM_OC2_SetConfig
                0x08003090       0xd8 ./Drivers/STM32F4xx_HAL_Driver/Src/stm32f4xx_hal_tim.o
                0x08003090                TIM_OC2_SetConfig
 .text.TIM_OC3_SetConfig
                0x08003168       0xd4 ./Drivers/STM32F4xx_HAL_Driver/Src/stm32f4xx_hal_tim.o
 .text.TIM_OC4_SetConfig
                0x0800323c       0xa0 ./Drivers/STM32F4xx_HAL_Driver/Src/stm32f4xx_hal_tim.o
 .text.TIM_TI1_ConfigInputStage
                0x080032dc       0x5e ./Drivers/STM32F4xx_HAL_Driver/Src/stm32f4xx_hal_tim.o
 .text.TIM_TI2_ConfigInputStage
                0x0800333a       0x60 ./Drivers/STM32F4xx_HAL_Driver/Src/stm32f4xx_hal_tim.o
 .text.TIM_ITRx_SetConfig
                0x0800339a       0x36 ./Drivers/STM32F4xx_HAL_Driver/Src/stm32f4xx_hal_tim.o
 .text.TIM_ETR_SetConfig
                0x080033d0       0x40 ./Drivers/STM32F4xx_HAL_Driver/Src/stm32f4xx_hal_tim.o
                0x080033d0                TIM_ETR_SetConfig
 .text.TIM_CCxChannelCmd
                0x08003410       0x4a ./Drivers/STM32F4xx_HAL_Driver/Src/stm32f4xx_hal_tim.o
                0x08003410                TIM_CCxChannelCmd
 *fill*         0x0800345a        0x2 
 .text.HAL_TIMEx_MasterConfigSynchronization
                0x0800345c       0xdc ./Drivers/STM32F4xx_HAL_Driver/Src/stm32f4xx_hal_tim_ex.o
                0x0800345c                HAL_TIMEx_MasterConfigSynchronization
 .text.malloc   0x08003538       0x10 /home/club/st/stm32cubeide_2.1.1/plugins/com.st.stm32cube.ide.mcu.externaltools.gnu-tools-for-stm32.14.3.rel1.linux64_1.0.100.202602081740/tools/bin/../lib/gcc/arm-none-eabi/14.3.1/../../../../arm-none-eabi/lib/thumb/v7e-m+fp/hard/libc_nano.a(libc_a-malloc.o)
                0x08003538                malloc
 .text.sbrk_aligned
                0x08003548       0x44 /home/club/st/stm32cubeide_2.1.1/plugins/com.st.stm32cube.ide.mcu.externaltools.gnu-tools-for-stm32.14.3.rel1.linux64_1.0.100.202602081740/tools/bin/../lib/gcc/arm-none-eabi/14.3.1/../../../../arm-none-eabi/lib/thumb/v7e-m+fp/hard/libc_nano.a(libc_a-mallocr.o)
 .text._malloc_r
                0x0800358c      0x100 /home/club/st/stm32cubeide_2.1.1/plugins/com.st.stm32cube.ide.mcu.externaltools.gnu-tools-for-stm32.14.3.rel1.linux64_1.0.100.202602081740/tools/bin/../lib/gcc/arm-none-eabi/14.3.1/../../../../arm-none-eabi/lib/thumb/v7e-m+fp/hard/libc_nano.a(libc_a-mallocr.o)
                0x0800358c                _malloc_r
 .text.__malloc_lock
                0x0800368c        0xc /home/club/st/stm32cubeide_2.1.1/plugins/com.st.stm32cube.ide.mcu.externaltools.gnu-tools-for-stm32.14.3.rel1.linux64_1.0.100.202602081740/tools/bin/../lib/gcc/arm-none-eabi/14.3.1/../../../../arm-none-eabi/lib/thumb/v7e-m+fp/hard/libc_nano.a(libc_a-mlock.o)
                0x0800368c                __malloc_lock
 .text.__malloc_unlock
                0x08003698        0xc /home/club/st/stm32cubeide_2.1.1/plugins/com.st.stm32cube.ide.mcu.externaltools.gnu-tools-for-stm32.14.3.rel1.linux64_1.0.100.202602081740/tools/bin/../lib/gcc/arm-none-eabi/14.3.1/../../../../arm-none-eabi/lib/thumb/v7e-m+fp/hard/libc_nano.a(libc_a-mlock.o)
                0x08003698                __malloc_unlock
 .text.memset   0x080036a4       0x10 /home/club/st/stm32cubeide_2.1.1/plugins/com.st.stm32cube.ide.mcu.externaltools.gnu-tools-for-stm32.14.3.rel1.linux64_1.0.100.202602081740/tools/bin/../lib/gcc/arm-none-eabi/14.3.1/../../../../arm-none-eabi/lib/thumb/v7e-m+fp/hard/libc_nano.a(libc_a-memset.o)
                0x080036a4                memset
 .text._sbrk_r  0x080036b4       0x20 /home/club/st/stm32cubeide_2.1.1/plugins/com.st.stm32cube.ide.mcu.externaltools.gnu-tools-for-stm32.14.3.rel1.linux64_1.0.100.202602081740/tools/bin/../lib/gcc/arm-none-eabi/14.3.1/../../../../arm-none-eabi/lib/thumb/v7e-m+fp/hard/libc_nano.a(libc_a-sbrkr.o)
                0x080036b4                _sbrk_r
 .text.__errno  0x080036d4        0xc /home/club/st/stm32cubeide_2.1.1/plugins/com.st.stm32cube.ide.mcu.externaltools.gnu-tools-for-stm32.14.3.rel1.linux64_1.0.100.202602081740/tools/bin/../lib/gcc/arm-none-eabi/14.3.1/../../../../arm-none-eabi/lib/thumb/v7e-m+fp/hard/libc_nano.a(libc_a-errno.o)
                0x080036d4                __errno
 .text.__libc_init_array
                0x080036e0       0x48 /home/club/st/stm32cubeide_2.1.1/plugins/com.st.stm32cube.ide.mcu.externaltools.gnu-tools-for-stm32.14.3.rel1.linux64_1.0.100.202602081740/tools/bin/../lib/gcc/arm-none-eabi/14.3.1/../../../../arm-none-eabi/lib/thumb/v7e-m+fp/hard/libc_nano.a(libc_a-init.o)
                0x080036e0                __libc_init_array
 .text.__retarget_lock_acquire_recursive
                0x08003728        0x2 /home/club/st/stm32cubeide_2.1.1/plugins/com.st.stm32cube.ide.mcu.externaltools.gnu-tools-for-stm32.14.3.rel1.linux64_1.0.100.202602081740/tools/bin/../lib/gcc/arm-none-eabi/14.3.1/../../../../arm-none-eabi/lib/thumb/v7e-m+fp/hard/libc_nano.a(libc_a-lock.o)
                0x08003728                __retarget_lock_acquire_recursive
 .text.__retarget_lock_release_recursive
                0x0800372a        0x2 /home/club/st/stm32cubeide_2.1.1/plugins/com.st.stm32cube.ide.mcu.externaltools.gnu-tools-for-stm32.14.3.rel1.linux64_1.0.100.202602081740/tools/bin/../lib/gcc/arm-none-eabi/14.3.1/../../../../arm-none-eabi/lib/thumb/v7e-m+fp/hard/libc_nano.a(libc_a-lock.o)
                0x0800372a                __retarget_lock_release_recursive
 *(.glue_7)
 .glue_7        0x0800372c        0x0 linker stubs
 *(.glue_7t)
 .glue_7t       0x0800372c        0x0 linker stubs
 *(.eh_frame)
 .eh_frame      0x0800372c        0x0 /home/club/st/stm32cubeide_2.1.1/plugins/com.st.stm32cube.ide.mcu.externaltools.gnu-tools-for-stm32.14.3.rel1.linux64_1.0.100.202602081740/tools/bin/../lib/gcc/arm-none-eabi/14.3.1/thumb/v7e-m+fp/hard/crtbegin.o
 *(.init)
 .init          0x0800372c        0x4 /home/club/st/stm32cubeide_2.1.1/plugins/com.st.stm32cube.ide.mcu.externaltools.gnu-tools-for-stm32.14.3.rel1.linux64_1.0.100.202602081740/tools/bin/../lib/gcc/arm-none-eabi/14.3.1/thumb/v7e-m+fp/hard/crti.o
                0x0800372c                _init
 .init          0x08003730        0x8 /home/club/st/stm32cubeide_2.1.1/plugins/com.st.stm32cube.ide.mcu.externaltools.gnu-tools-for-stm32.14.3.rel1.linux64_1.0.100.202602081740/tools/bin/../lib/gcc/arm-none-eabi/14.3.1/thumb/v7e-m+fp/hard/crtn.o
 *(.fini)
 .fini          0x08003738        0x4 /home/club/st/stm32cubeide_2.1.1/plugins/com.st.stm32cube.ide.mcu.externaltools.gnu-tools-for-stm32.14.3.rel1.linux64_1.0.100.202602081740/tools/bin/../lib/gcc/arm-none-eabi/14.3.1/thumb/v7e-m+fp/hard/crti.o
                0x08003738                _fini
 .fini          0x0800373c        0x8 /home/club/st/stm32cubeide_2.1.1/plugins/com.st.stm32cube.ide.mcu.externaltools.gnu-tools-for-stm32.14.3.rel1.linux64_1.0.100.202602081740/tools/bin/../lib/gcc/arm-none-eabi/14.3.1/thumb/v7e-m+fp/hard/crtn.o
                0x08003744                        . = ALIGN (0x4)
                0x08003744                        _etext = .

.vfp11_veneer   0x08003744        0x0
 .vfp11_veneer  0x08003744        0x0 linker stubs

.v4_bx          0x08003744        0x0
 .v4_bx         0x08003744        0x0 linker stubs

.iplt           0x08003744        0x0
 .iplt          0x08003744        0x0 /home/club/st/stm32cubeide_2.1.1/plugins/com.st.stm32cube.ide.mcu.externaltools.gnu-tools-for-stm32.14.3.rel1.linux64_1.0.100.202602081740/tools/bin/../lib/gcc/arm-none-eabi/14.3.1/thumb/v7e-m+fp/hard/crtbegin.o

.rodata         0x08003744       0x18
                0x08003744                        . = ALIGN (0x4)
 *(.rodata)
 .rodata        0x08003744        0x8 ./Core/Src/fumobot.o
 *(.rodata*)
 .rodata.AHBPrescTable
                0x0800374c       0x10 ./Core/Src/system_stm32f4xx.o
                0x0800374c                AHBPrescTable
                0x0800375c                        . = ALIGN (0x4)

.ARM.extab      0x0800375c        0x0
                0x0800375c                        . = ALIGN (0x4)
 *(.ARM.extab* .gnu.linkonce.armextab.*)
                0x0800375c                        . = ALIGN (0x4)

.ARM            0x0800375c        0x8
                0x0800375c                        . = ALIGN (0x4)
                0x0800375c                        __exidx_start = .
 *(.ARM.exidx*)
 .ARM.exidx     0x0800375c        0x8 /home/club/st/stm32cubeide_2.1.1/plugins/com.st.stm32cube.ide.mcu.externaltools.gnu-tools-for-stm32.14.3.rel1.linux64_1.0.100.202602081740/tools/bin/../lib/gcc/arm-none-eabi/14.3.1/thumb/v7e-m+fp/hard/libgcc.a(_udivmoddi4.o)
                0x08003764                        __exidx_end = .
                0x08003764                        . = ALIGN (0x4)

.preinit_array  0x08003764        0x0
                0x08003764                        . = ALIGN (0x4)
                0x08003764                        PROVIDE (__preinit_array_start = .)
 *(.preinit_array*)
                0x08003764                        PROVIDE (__preinit_array_end = .)
                0x08003764                        . = ALIGN (0x4)

.init_array     0x08003764        0x4
                0x08003764                        . = ALIGN (0x4)
                0x08003764                        PROVIDE (__init_array_start = .)
 *(SORT_BY_NAME(.init_array.*))
 *(.init_array*)
 .init_array    0x08003764        0x4 /home/club/st/stm32cubeide_2.1.1/plugins/com.st.stm32cube.ide.mcu.externaltools.gnu-tools-for-stm32.14.3.rel1.linux64_1.0.100.202602081740/tools/bin/../lib/gcc/arm-none-eabi/14.3.1/thumb/v7e-m+fp/hard/crtbegin.o
                0x08003768                        PROVIDE (__init_array_end = .)
                0x08003768                        . = ALIGN (0x4)

.fini_array     0x08003768        0x4
                0x08003768                        . = ALIGN (0x4)
                [!provide]                        PROVIDE (__fini_array_start = .)
 *(SORT_BY_NAME(.fini_array.*))
 *(.fini_array*)
 .fini_array    0x08003768        0x4 /home/club/st/stm32cubeide_2.1.1/plugins/com.st.stm32cube.ide.mcu.externaltools.gnu-tools-for-stm32.14.3.rel1.linux64_1.0.100.202602081740/tools/bin/../lib/gcc/arm-none-eabi/14.3.1/thumb/v7e-m+fp/hard/crtbegin.o
                [!provide]                        PROVIDE (__fini_array_end = .)
                0x0800376c                        . = ALIGN (0x4)
                0x0800376c                        _sidata = LOADADDR (.data)

.rel.dyn        0x0800376c        0x0
 .rel.iplt      0x0800376c        0x0 /home/club/st/stm32cubeide_2.1.1/plugins/com.st.stm32cube.ide.mcu.externaltools.gnu-tools-for-stm32.14.3.rel1.linux64_1.0.100.202602081740/tools/bin/../lib/gcc/arm-none-eabi/14.3.1/thumb/v7e-m+fp/hard/crtbegin.o

.data           0x20000000      0x104 load address 0x0800376c
                0x20000000                        . = ALIGN (0x4)
                0x20000000                        _sdata = .
 *(.data)
 *(.data*)
 .data.testEmote
                0x20000000       0xa4 ./Core/Src/fumobot.o
 .data.set.0    0x200000a4        0x1 ./Core/Src/fumobot.o
 *fill*         0x200000a5        0x3 
 .data.SystemCoreClock
                0x200000a8        0x4 ./Core/Src/system_stm32f4xx.o
                0x200000a8                SystemCoreClock
 .data.uwTickPrio
                0x200000ac        0x4 ./Drivers/STM32F4xx_HAL_Driver/Src/stm32f4xx_hal.o
                0x200000ac                uwTickPrio
 .data.uwTickFreq
                0x200000b0        0x1 ./Drivers/STM32F4xx_HAL_Driver/Src/stm32f4xx_hal.o
                0x200000b0                uwTickFreq
 *fill*         0x200000b1        0x3 
 .data._impure_ptr
                0x200000b4        0x4 /home/club/st/stm32cubeide_2.1.1/plugins/com.st.stm32cube.ide.mcu.externaltools.gnu-tools-for-stm32.14.3.rel1.linux64_1.0.100.202602081740/tools/bin/../lib/gcc/arm-none-eabi/14.3.1/../../../../arm-none-eabi/lib/thumb/v7e-m+fp/hard/libc_nano.a(libc_a-impure.o)
                0x200000b4                _impure_ptr
 .data._impure_data
                0x200000b8       0x4c /home/club/st/stm32cubeide_2.1.1/plugins/com.st.stm32cube.ide.mcu.externaltools.gnu-tools-for-stm32.14.3.rel1.linux64_1.0.100.202602081740/tools/bin/../lib/gcc/arm-none-eabi/14.3.1/../../../../arm-none-eabi/lib/thumb/v7e-m+fp/hard/libc_nano.a(libc_a-impure.o)
                0x200000b8                _impure_data
 *(.RamFunc)
 *(.RamFunc*)
                0x20000104                        . = ALIGN (0x4)
                0x20000104                        _edata = .

.igot.plt       0x20000104        0x0 load address 0x08003870
 .igot.plt      0x20000104        0x0 /home/club/st/stm32cubeide_2.1.1/plugins/com.st.stm32cube.ide.mcu.externaltools.gnu-tools-for-stm32.14.3.rel1.linux64_1.0.100.202602081740/tools/bin/../lib/gcc/arm-none-eabi/14.3.1/thumb/v7e-m+fp/hard/crtbegin.o
                0x20000104                        . = ALIGN (0x4)

.bss            0x20000104      0x2f4 load address 0x08003870
                0x20000104                        _sbss = .
                0x20000104                        __bss_start__ = _sbss
 *(.bss)
 .bss           0x20000104       0x1c /home/club/st/stm32cubeide_2.1.1/plugins/com.st.stm32cube.ide.mcu.externaltools.gnu-tools-for-stm32.14.3.rel1.linux64_1.0.100.202602081740/tools/bin/../lib/gcc/arm-none-eabi/14.3.1/thumb/v7e-m+fp/hard/crtbegin.o
 *(.bss*)
 .bss.handles   0x20000120        0x4 ./Core/Src/fumobot.o
                0x20000120                handles
 .bss.servoArmRight
                0x20000124       0x38 ./Core/Src/fumobot.o
                0x20000124                servoArmRight
 .bss.servoArmLeft
                0x2000015c       0x38 ./Core/Src/fumobot.o
                0x2000015c                servoArmLeft
 .bss.servoBounceRight
                0x20000194       0x38 ./Core/Src/fumobot.o
                0x20000194                servoBounceRight
 .bss.servoBounceLeft
                0x200001cc       0x38 ./Core/Src/fumobot.o
                0x200001cc                servoBounceLeft
 .bss.servos    0x20000204       0x10 ./Core/Src/fumobot.o
                0x20000204                servos
 .bss.player    0x20000214        0x4 ./Core/Src/fumobot.o
                0x20000214                player
 .bss.hadc1     0x20000218       0x48 ./Core/Src/main.o
                0x20000218                hadc1
 .bss.htim2     0x20000260       0x48 ./Core/Src/main.o
                0x20000260                htim2
 .bss.__sbrk_heap_end
                0x200002a8        0x4 ./Core/Src/sysmem.o
 .bss.uwTick    0x200002ac        0x4 ./Drivers/STM32F4xx_HAL_Driver/Src/stm32f4xx_hal.o
                0x200002ac                uwTick
 .bss.__malloc_sbrk_start
                0x200002b0        0x4 /home/club/st/stm32cubeide_2.1.1/plugins/com.st.stm32cube.ide.mcu.externaltools.gnu-tools-for-stm32.14.3.rel1.linux64_1.0.100.202602081740/tools/bin/../lib/gcc/arm-none-eabi/14.3.1/../../../../arm-none-eabi/lib/thumb/v7e-m+fp/hard/libc_nano.a(libc_a-mallocr.o)
                0x200002b0                __malloc_sbrk_start
 .bss.__malloc_free_list
                0x200002b4        0x4 /home/club/st/stm32cubeide_2.1.1/plugins/com.st.stm32cube.ide.mcu.externaltools.gnu-tools-for-stm32.14.3.rel1.linux64_1.0.100.202602081740/tools/bin/../lib/gcc/arm-none-eabi/14.3.1/../../../../arm-none-eabi/lib/thumb/v7e-m+fp/hard/libc_nano.a(libc_a-mallocr.o)
                0x200002b4                __malloc_free_list
 .bss.__sf      0x200002b8      0x138 /home/club/st/stm32cubeide_2.1.1/plugins/com.st.stm32cube.ide.mcu.externaltools.gnu-tools-for-stm32.14.3.rel1.linux64_1.0.100.202602081740/tools/bin/../lib/gcc/arm-none-eabi/14.3.1/../../../../arm-none-eabi/lib/thumb/v7e-m+fp/hard/libc_nano.a(libc_a-findfp.o)
                0x200002b8                __sf
 .bss.errno     0x200003f0        0x4 /home/club/st/stm32cubeide_2.1.1/plugins/com.st.stm32cube.ide.mcu.externaltools.gnu-tools-for-stm32.14.3.rel1.linux64_1.0.100.202602081740/tools/bin/../lib/gcc/arm-none-eabi/14.3.1/../../../../arm-none-eabi/lib/thumb/v7e-m+fp/hard/libc_nano.a(libc_a-reent.o)
                0x200003f0                errno
 .bss.__lock___malloc_recursive_mutex
                0x200003f4        0x1 /home/club/st/stm32cubeide_2.1.1/plugins/com.st.stm32cube.ide.mcu.externaltools.gnu-tools-for-stm32.14.3.rel1.linux64_1.0.100.202602081740/tools/bin/../lib/gcc/arm-none-eabi/14.3.1/../../../../arm-none-eabi/lib/thumb/v7e-m+fp/hard/libc_nano.a(libc_a-lock.o)
                0x200003f4                __lock___malloc_recursive_mutex
 *(COMMON)
                0x200003f8                        . = ALIGN (0x4)
 *fill*         0x200003f5        0x3 
                0x200003f8                        _ebss = .
                0x200003f8                        __bss_end__ = _ebss

._user_heap_stack
                0x200003f8      0x600 load address 0x08003870
                0x200003f8                        . = ALIGN (0x8)
                [!provide]                        PROVIDE (end = .)
                0x200003f8                        PROVIDE (_end = .)
                0x200005f8                        . = (. + _Min_Heap_Size)
 *fill*         0x200003f8      0x200 
                0x200009f8                        . = (. + _Min_Stack_Size)
 *fill*         0x200005f8      0x400 
                0x200009f8                        . = ALIGN (0x8)

/DISCARD/
 libc.a(*)
 libm.a(*)
 libgcc.a(*)

.ARM.attributes
                0x00000000       0x30
 *(.ARM.attributes)
 .ARM.attributes
                0x00000000       0x22 /home/club/st/stm32cubeide_2.1.1/plugins/com.st.stm32cube.ide.mcu.externaltools.gnu-tools-for-stm32.14.3.rel1.linux64_1.0.100.202602081740/tools/bin/../lib/gcc/arm-none-eabi/14.3.1/thumb/v7e-m+fp/hard/crti.o
 .ARM.attributes
                0x00000022       0x34 /home/club/st/stm32cubeide_2.1.1/plugins/com.st.stm32cube.ide.mcu.externaltools.gnu-tools-for-stm32.14.3.rel1.linux64_1.0.100.202602081740/tools/bin/../lib/gcc/arm-none-eabi/14.3.1/thumb/v7e-m+fp/hard/crtbegin.o
 .ARM.attributes
                0x00000056       0x34 ./Core/Src/emote.o
 .ARM.attributes
                0x0000008a       0x34 ./Core/Src/fumobot.o
 .ARM.attributes
                0x000000be       0x34 ./Core/Src/main.o
 .ARM.attributes
                0x000000f2       0x34 ./Core/Src/servo.o
 .ARM.attributes
                0x00000126       0x34 ./Core/Src/stm32f4xx_hal_msp.o
 .ARM.attributes
                0x0000015a       0x34 ./Core/Src/stm32f4xx_it.o
 .ARM.attributes
                0x0000018e       0x34 ./Core/Src/sysmem.o
 .ARM.attributes
                0x000001c2       0x34 ./Core/Src/system_stm32f4xx.o
 .ARM.attributes
                0x000001f6       0x21 ./Core/Startup/startup_stm32f411ceux.o
 .ARM.attributes
                0x00000217       0x34 ./Drivers/STM32F4xx_HAL_Driver/Src/stm32f4xx_hal.o
 .ARM.attributes
                0x0000024b       0x34 ./Drivers/STM32F4xx_HAL_Driver/Src/stm32f4xx_hal_adc.o
 .ARM.attributes
                0x0000027f       0x34 ./Drivers/STM32F4xx_HAL_Driver/Src/stm32f4xx_hal_cortex.o
 .ARM.attributes
                0x000002b3       0x34 ./Drivers/STM32F4xx_HAL_Driver/Src/stm32f4xx_hal_gpio.o
 .ARM.attributes
                0x000002e7       0x34 ./Drivers/STM32F4xx_HAL_Driver/Src/stm32f4xx_hal_rcc.o
 .ARM.attributes
                0x0000031b       0x34 ./Drivers/STM32F4xx_HAL_Driver/Src/stm32f4xx_hal_tim.o
 .ARM.attributes
                0x0000034f       0x34 ./Drivers/STM32F4xx_HAL_Driver/Src/stm32f4xx_hal_tim_ex.o
 .ARM.attributes
                0x00000383       0x34 /home/club/st/stm32cubeide_2.1.1/plugins/com.st.stm32cube.ide.mcu.externaltools.gnu-tools-for-stm32.14.3.rel1.linux64_1.0.100.202602081740/tools/bin/../lib/gcc/arm-none-eabi/14.3.1/../../../../arm-none-eabi/lib/thumb/v7e-m+fp/hard/libc_nano.a(libc_a-malloc.o)
 .ARM.attributes
                0x000003b7       0x34 /home/club/st/stm32cubeide_2.1.1/plugins/com.st.stm32cube.ide.mcu.externaltools.gnu-tools-for-stm32.14.3.rel1.linux64_1.0.100.202602081740/tools/bin/../lib/gcc/arm-none-eabi/14.3.1/../../../../arm-none-eabi/lib/thumb/v7e-m+fp/hard/libc_nano.a(libc_a-mallocr.o)
 .ARM.attributes
                0x000003eb       0x34 /home/club/st/stm32cubeide_2.1.1/plugins/com.st.stm32cube.ide.mcu.externaltools.gnu-tools-for-stm32.14.3.rel1.linux64_1.0.100.202602081740/tools/bin/../lib/gcc/arm-none-eabi/14.3.1/../../../../arm-none-eabi/lib/thumb/v7e-m+fp/hard/libc_nano.a(libc_a-mlock.o)
 .ARM.attributes
                0x0000041f       0x34 /home/club/st/stm32cubeide_2.1.1/plugins/com.st.stm32cube.ide.mcu.externaltools.gnu-tools-for-stm32.14.3.rel1.linux64_1.0.100.202602081740/tools/bin/../lib/gcc/arm-none-eabi/14.3.1/../../../../arm-none-eabi/lib/thumb/v7e-m+fp/hard/libc_nano.a(libc_a-findfp.o)
 .ARM.attributes
                0x00000453       0x34 /home/club/st/stm32cubeide_2.1.1/plugins/com.st.stm32cube.ide.mcu.externaltools.gnu-tools-for-stm32.14.3.rel1.linux64_1.0.100.202602081740/tools/bin/../lib/gcc/arm-none-eabi/14.3.1/../../../../arm-none-eabi/lib/thumb/v7e-m+fp/hard/libc_nano.a(libc_a-memset.o)
 .ARM.attributes
                0x00000487       0x34 /home/club/st/stm32cubeide_2.1.1/plugins/com.st.stm32cube.ide.mcu.externaltools.gnu-tools-for-stm32.14.3.rel1.linux64_1.0.100.202602081740/tools/bin/../lib/gcc/arm-none-eabi/14.3.1/../../../../arm-none-eabi/lib/thumb/v7e-m+fp/hard/libc_nano.a(libc_a-reent.o)
 .ARM.attributes
                0x000004bb       0x34 /home/club/st/stm32cubeide_2.1.1/plugins/com.st.stm32cube.ide.mcu.externaltools.gnu-tools-for-stm32.14.3.rel1.linux64_1.0.100.202602081740/tools/bin/../lib/gcc/arm-none-eabi/14.3.1/../../../../arm-none-eabi/lib/thumb/v7e-m+fp/hard/libc_nano.a(libc_a-impure.o)
 .ARM.attributes
                0x000004ef       0x34 /home/club/st/stm32cubeide_2.1.1/plugins/com.st.stm32cube.ide.mcu.externaltools.gnu-tools-for-stm32.14.3.rel1.linux64_1.0.100.202602081740/tools/bin/../lib/gcc/arm-none-eabi/14.3.1/../../../../arm-none-eabi/lib/thumb/v7e-m+fp/hard/libc_nano.a(libc_a-sbrkr.o)
 .ARM.attributes
                0x00000523       0x34 /home/club/st/stm32cubeide_2.1.1/plugins/com.st.stm32cube.ide.mcu.externaltools.gnu-tools-for-stm32.14.3.rel1.linux64_1.0.100.202602081740/tools/bin/../lib/gcc/arm-none-eabi/14.3.1/../../../../arm-none-eabi/lib/thumb/v7e-m+fp/hard/libc_nano.a(libc_a-errno.o)
 .ARM.attributes
                0x00000557       0x34 /home/club/st/stm32cubeide_2.1.1/plugins/com.st.stm32cube.ide.mcu.externaltools.gnu-tools-for-stm32.14.3.rel1.linux64_1.0.100.202602081740/tools/bin/../lib/gcc/arm-none-eabi/14.3.1/../../../../arm-none-eabi/lib/thumb/v7e-m+fp/hard/libc_nano.a(libc_a-init.o)
 .ARM.attributes
                0x0000058b       0x34 /home/club/st/stm32cubeide_2.1.1/plugins/com.st.stm32cube.ide.mcu.externaltools.gnu-tools-for-stm32.14.3.rel1.linux64_1.0.100.202602081740/tools/bin/../lib/gcc/arm-none-eabi/14.3.1/../../../../arm-none-eabi/lib/thumb/v7e-m+fp/hard/libc_nano.a(libc_a-lock.o)
 .ARM.attributes
                0x000005bf       0x22 /home/club/st/stm32cubeide_2.1.1/plugins/com.st.stm32cube.ide.mcu.externaltools.gnu-tools-for-stm32.14.3.rel1.linux64_1.0.100.202602081740/tools/bin/../lib/gcc/arm-none-eabi/14.3.1/thumb/v7e-m+fp/hard/libgcc.a(_aeabi_uldivmod.o)
 .ARM.attributes
                0x000005e1       0x34 /home/club/st/stm32cubeide_2.1.1/plugins/com.st.stm32cube.ide.mcu.externaltools.gnu-tools-for-stm32.14.3.rel1.linux64_1.0.100.202602081740/tools/bin/../lib/gcc/arm-none-eabi/14.3.1/thumb/v7e-m+fp/hard/libgcc.a(_udivmoddi4.o)
 .ARM.attributes
                0x00000615       0x22 /home/club/st/stm32cubeide_2.1.1/plugins/com.st.stm32cube.ide.mcu.externaltools.gnu-tools-for-stm32.14.3.rel1.linux64_1.0.100.202602081740/tools/bin/../lib/gcc/arm-none-eabi/14.3.1/thumb/v7e-m+fp/hard/libgcc.a(_dvmd_tls.o)
 .ARM.attributes
                0x00000637       0x22 /home/club/st/stm32cubeide_2.1.1/plugins/com.st.stm32cube.ide.mcu.externaltools.gnu-tools-for-stm32.14.3.rel1.linux64_1.0.100.202602081740/tools/bin/../lib/gcc/arm-none-eabi/14.3.1/thumb/v7e-m+fp/hard/crtn.o
OUTPUT(Fumobot V2.elf elf32-littlearm)
LOAD linker stubs
LOAD /home/club/st/stm32cubeide_2.1.1/plugins/com.st.stm32cube.ide.mcu.externaltools.gnu-tools-for-stm32.14.3.rel1.linux64_1.0.100.202602081740/tools/bin/../lib/gcc/arm-none-eabi/14.3.1/../../../../arm-none-eabi/lib/thumb/v7e-m+fp/hard/libc.a
LOAD /home/club/st/stm32cubeide_2.1.1/plugins/com.st.stm32cube.ide.mcu.externaltools.gnu-tools-for-stm32.14.3.rel1.linux64_1.0.100.202602081740/tools/bin/../lib/gcc/arm-none-eabi/14.3.1/../../../../arm-none-eabi/lib/thumb/v7e-m+fp/hard/libm.a
LOAD /home/club/st/stm32cubeide_2.1.1/plugins/com.st.stm32cube.ide.mcu.externaltools.gnu-tools-for-stm32.14.3.rel1.linux64_1.0.100.202602081740/tools/bin/../lib/gcc/arm-none-eabi/14.3.1/thumb/v7e-m+fp/hard/libgcc.a

.debug_info     0x00000000     0xb99c
 .debug_info    0x00000000      0xc05 ./Core/Src/emote.o
 .debug_info    0x00000c05      0xb7f ./Core/Src/fumobot.o
 .debug_info    0x00001784     0x12df ./Core/Src/main.o
 .debug_info    0x00002a63      0x909 ./Core/Src/servo.o
 .debug_info    0x0000336c      0xd41 ./Core/Src/stm32f4xx_hal_msp.o
 .debug_info    0x000040ad      0x112 ./Core/Src/stm32f4xx_it.o
 .debug_info    0x000041bf      0x168 ./Core/Src/sysmem.o
 .debug_info    0x00004327      0x53e ./Core/Src/system_stm32f4xx.o
 .debug_info    0x00004865       0x30 ./Core/Startup/startup_stm32f411ceux.o
 .debug_info    0x00004895      0x8c4 ./Drivers/STM32F4xx_HAL_Driver/Src/stm32f4xx_hal.o
 .debug_info    0x00005159      0xce0 ./Drivers/STM32F4xx_HAL_Driver/Src/stm32f4xx_hal_adc.o
 .debug_info    0x00005e39      0xcfc ./Drivers/STM32F4xx_HAL_Driver/Src/stm32f4xx_hal_cortex.o
 .debug_info    0x00006b35      0x6f9 ./Drivers/STM32F4xx_HAL_Driver/Src/stm32f4xx_hal_gpio.o
 .debug_info    0x0000722e      0x904 ./Drivers/STM32F4xx_HAL_Driver/Src/stm32f4xx_hal_rcc.o
 .debug_info    0x00007b32     0x2996 ./Drivers/STM32F4xx_HAL_Driver/Src/stm32f4xx_hal_tim.o
 .debug_info    0x0000a4c8     0x14d4 ./Drivers/STM32F4xx_HAL_Driver/Src/stm32f4xx_hal_tim_ex.o

.debug_abbrev   0x00000000     0x1dd0
 .debug_abbrev  0x00000000      0x22b ./Core/Src/emote.o
 .debug_abbrev  0x0000022b      0x1ea ./Core/Src/fumobot.o
 .debug_abbrev  0x00000415      0x286 ./Core/Src/main.o
 .debug_abbrev  0x0000069b      0x1d4 ./Core/Src/servo.o
 .debug_abbrev  0x0000086f      0x1d4 ./Core/Src/stm32f4xx_hal_msp.o
 .debug_abbrev  0x00000a43       0x73 ./Core/Src/stm32f4xx_it.o
 .debug_abbrev  0x00000ab6       0xbc ./Core/Src/sysmem.o
 .debug_abbrev  0x00000b72      0x11a ./Core/Src/system_stm32f4xx.o
 .debug_abbrev  0x00000c8c       0x24 ./Core/Startup/startup_stm32f411ceux.o
 .debug_abbrev  0x00000cb0      0x24b ./Drivers/STM32F4xx_HAL_Driver/Src/stm32f4xx_hal.o
 .debug_abbrev  0x00000efb      0x20e ./Drivers/STM32F4xx_HAL_Driver/Src/stm32f4xx_hal_adc.o
 .debug_abbrev  0x00001109      0x31d ./Drivers/STM32F4xx_HAL_Driver/Src/stm32f4xx_hal_cortex.o
 .debug_abbrev  0x00001426      0x1d3 ./Drivers/STM32F4xx_HAL_Driver/Src/stm32f4xx_hal_gpio.o
 .debug_abbrev  0x000015f9      0x2b6 ./Drivers/STM32F4xx_HAL_Driver/Src/stm32f4xx_hal_rcc.o
 .debug_abbrev  0x000018af      0x28b ./Drivers/STM32F4xx_HAL_Driver/Src/stm32f4xx_hal_tim.o
 .debug_abbrev  0x00001b3a      0x296 ./Drivers/STM32F4xx_HAL_Driver/Src/stm32f4xx_hal_tim_ex.o

.debug_aranges  0x00000000      0xb38
 .debug_aranges
                0x00000000       0x48 ./Core/Src/emote.o
 .debug_aranges
                0x00000048       0x30 ./Core/Src/fumobot.o
 .debug_aranges
                0x00000078       0x48 ./Core/Src/main.o
 .debug_aranges
                0x000000c0       0x40 ./Core/Src/servo.o
 .debug_aranges
                0x00000100       0x48 ./Core/Src/stm32f4xx_hal_msp.o
 .debug_aranges
                0x00000148       0x60 ./Core/Src/stm32f4xx_it.o
 .debug_aranges
                0x000001a8       0x20 ./Core/Src/sysmem.o
 .debug_aranges
                0x000001c8       0x28 ./Core/Src/system_stm32f4xx.o
 .debug_aranges
                0x000001f0       0x28 ./Core/Startup/startup_stm32f411ceux.o
 .debug_aranges
                0x00000218       0xf0 ./Drivers/STM32F4xx_HAL_Driver/Src/stm32f4xx_hal.o
 .debug_aranges
                0x00000308       0xe8 ./Drivers/STM32F4xx_HAL_Driver/Src/stm32f4xx_hal_adc.o
 .debug_aranges
                0x000003f0      0x130 ./Drivers/STM32F4xx_HAL_Driver/Src/stm32f4xx_hal_cortex.o
 .debug_aranges
                0x00000520       0x58 ./Drivers/STM32F4xx_HAL_Driver/Src/stm32f4xx_hal_gpio.o
 .debug_aranges
                0x00000578       0x88 ./Drivers/STM32F4xx_HAL_Driver/Src/stm32f4xx_hal_rcc.o
 .debug_aranges
                0x00000600      0x3d0 ./Drivers/STM32F4xx_HAL_Driver/Src/stm32f4xx_hal_tim.o
 .debug_aranges
                0x000009d0      0x168 ./Drivers/STM32F4xx_HAL_Driver/Src/stm32f4xx_hal_tim_ex.o

.debug_rnglists
                0x00000000      0x8aa
 .debug_rnglists
                0x00000000       0x44 ./Core/Src/emote.o
 .debug_rnglists
                0x00000044       0x20 ./Core/Src/fumobot.o
 .debug_rnglists
                0x00000064       0x35 ./Core/Src/main.o
 .debug_rnglists
                0x00000099       0x2e ./Core/Src/servo.o
 .debug_rnglists
                0x000000c7       0x32 ./Core/Src/stm32f4xx_hal_msp.o
 .debug_rnglists
                0x000000f9       0x43 ./Core/Src/stm32f4xx_it.o
 .debug_rnglists
                0x0000013c       0x13 ./Core/Src/sysmem.o
 .debug_rnglists
                0x0000014f       0x1a ./Core/Src/system_stm32f4xx.o
 .debug_rnglists
                0x00000169       0x19 ./Core/Startup/startup_stm32f411ceux.o
 .debug_rnglists
                0x00000182       0xaf ./Drivers/STM32F4xx_HAL_Driver/Src/stm32f4xx_hal.o
 .debug_rnglists
                0x00000231       0xb5 ./Drivers/STM32F4xx_HAL_Driver/Src/stm32f4xx_hal_adc.o
 .debug_rnglists
                0x000002e6       0xe0 ./Drivers/STM32F4xx_HAL_Driver/Src/stm32f4xx_hal_cortex.o
 .debug_rnglists
                0x000003c6       0x3f ./Drivers/STM32F4xx_HAL_Driver/Src/stm32f4xx_hal_gpio.o
 .debug_rnglists
                0x00000405       0x66 ./Drivers/STM32F4xx_HAL_Driver/Src/stm32f4xx_hal_rcc.o
 .debug_rnglists
                0x0000046b      0x31a ./Drivers/STM32F4xx_HAL_Driver/Src/stm32f4xx_hal_tim.o
 .debug_rnglists
                0x00000785      0x125 ./Drivers/STM32F4xx_HAL_Driver/Src/stm32f4xx_hal_tim_ex.o

.debug_macro    0x00000000    0x18353
 .debug_macro   0x00000000      0x325 ./Core/Src/emote.o
 .debug_macro   0x00000325      0xad8 ./Core/Src/emote.o
 .debug_macro   0x00000dfd       0x22 ./Core/Src/emote.o
 .debug_macro   0x00000e1f       0x5b ./Core/Src/emote.o
 .debug_macro   0x00000e7a       0x2a ./Core/Src/emote.o
 .debug_macro   0x00000ea4       0x94 ./Core/Src/emote.o
 .debug_macro   0x00000f38       0x43 ./Core/Src/emote.o
 .debug_macro   0x00000f7b      0x103 ./Core/Src/emote.o
 .debug_macro   0x0000107e       0x3a ./Core/Src/emote.o
 .debug_macro   0x000010b8       0x57 ./Core/Src/emote.o
 .debug_macro   0x0000110f       0x6a ./Core/Src/emote.o
 .debug_macro   0x00001179      0x1df ./Core/Src/emote.o
 .debug_macro   0x00001358       0x89 ./Core/Src/emote.o
 .debug_macro   0x000013e1      0x460 ./Core/Src/emote.o
 .debug_macro   0x00001841       0x22 ./Core/Src/emote.o
 .debug_macro   0x00001863      0x29b ./Core/Src/emote.o
 .debug_macro   0x00001afe       0x2e ./Core/Src/emote.o
 .debug_macro   0x00001b2c       0x28 ./Core/Src/emote.o
 .debug_macro   0x00001b54       0x1c ./Core/Src/emote.o
 .debug_macro   0x00001b70       0x22 ./Core/Src/emote.o
 .debug_macro   0x00001b92       0xfb ./Core/Src/emote.o
 .debug_macro   0x00001c8d     0x1011 ./Core/Src/emote.o
 .debug_macro   0x00002c9e      0x11f ./Core/Src/emote.o
 .debug_macro   0x00002dbd     0xb968 ./Core/Src/emote.o
 .debug_macro   0x0000e725       0x6d ./Core/Src/emote.o
 .debug_macro   0x0000e792     0x3693 ./Core/Src/emote.o
 .debug_macro   0x00011e25      0x119 ./Core/Src/emote.o
 .debug_macro   0x00011f3e       0x5c ./Core/Src/emote.o
 .debug_macro   0x00011f9a      0x45c ./Core/Src/emote.o
 .debug_macro   0x000123f6      0x9e9 ./Core/Src/emote.o
 .debug_macro   0x00012ddf      0x115 ./Core/Src/emote.o
 .debug_macro   0x00012ef4      0x11b ./Core/Src/emote.o
 .debug_macro   0x0001300f       0xa5 ./Core/Src/emote.o
 .debug_macro   0x000130b4      0x15f ./Core/Src/emote.o
 .debug_macro   0x00013213      0x287 ./Core/Src/emote.o
 .debug_macro   0x0001349a       0x5f ./Core/Src/emote.o
 .debug_macro   0x000134f9      0x236 ./Core/Src/emote.o
 .debug_macro   0x0001372f      0x9e1 ./Core/Src/emote.o
 .debug_macro   0x00014110      0x38b ./Core/Src/emote.o
 .debug_macro   0x0001449b      0x17d ./Core/Src/emote.o
 .debug_macro   0x00014618       0xf9 ./Core/Src/emote.o
 .debug_macro   0x00014711      0x132 ./Core/Src/emote.o
 .debug_macro   0x00014843      0x264 ./Core/Src/emote.o
 .debug_macro   0x00014aa7       0x2e ./Core/Src/emote.o
 .debug_macro   0x00014ad5      0x127 ./Core/Src/emote.o
 .debug_macro   0x00014bfc       0x85 ./Core/Src/emote.o
 .debug_macro   0x00014c81       0x89 ./Core/Src/emote.o
 .debug_macro   0x00014d0a      0x8ed ./Core/Src/emote.o
 .debug_macro   0x000155f7       0x47 ./Core/Src/emote.o
 .debug_macro   0x0001563e      0x126 ./Core/Src/emote.o
 .debug_macro   0x00015764       0x16 ./Core/Src/emote.o
 .debug_macro   0x0001577a       0x3c ./Core/Src/emote.o
 .debug_macro   0x000157b6      0x364 ./Core/Src/emote.o
 .debug_macro   0x00015b1a       0x16 ./Core/Src/emote.o
 .debug_macro   0x00015b30       0x4a ./Core/Src/emote.o
 .debug_macro   0x00015b7a       0x34 ./Core/Src/emote.o
 .debug_macro   0x00015bae       0x10 ./Core/Src/emote.o
 .debug_macro   0x00015bbe       0x58 ./Core/Src/emote.o
 .debug_macro   0x00015c16       0x8e ./Core/Src/emote.o
 .debug_macro   0x00015ca4       0x1c ./Core/Src/emote.o
 .debug_macro   0x00015cc0      0x17e ./Core/Src/emote.o
 .debug_macro   0x00015e3e       0x16 ./Core/Src/emote.o
 .debug_macro   0x00015e54       0x29 ./Core/Src/emote.o
 .debug_macro   0x00015e7d       0x16 ./Core/Src/emote.o
 .debug_macro   0x00015e93       0x20 ./Core/Src/emote.o
 .debug_macro   0x00015eb3       0x70 ./Core/Src/emote.o
 .debug_macro   0x00015f23       0x58 ./Core/Src/emote.o
 .debug_macro   0x00015f7b      0x339 ./Core/Src/fumobot.o
 .debug_macro   0x000162b4       0x8e ./Core/Src/fumobot.o
 .debug_macro   0x00016342       0x51 ./Core/Src/fumobot.o
 .debug_macro   0x00016393      0x190 ./Core/Src/fumobot.o
 .debug_macro   0x00016523       0x61 ./Core/Src/fumobot.o
 .debug_macro   0x00016584       0x34 ./Core/Src/fumobot.o
 .debug_macro   0x000165b8       0x10 ./Core/Src/fumobot.o
 .debug_macro   0x000165c8       0x1c ./Core/Src/fumobot.o
 .debug_macro   0x000165e4      0x33f ./Core/Src/main.o
 .debug_macro   0x00016923      0x300 ./Core/Src/servo.o
 .debug_macro   0x00016c23      0x1f6 ./Core/Src/stm32f4xx_hal_msp.o
 .debug_macro   0x00016e19      0x200 ./Core/Src/stm32f4xx_it.o
 .debug_macro   0x00017019      0x112 ./Core/Src/sysmem.o
 .debug_macro   0x0001712b      0x23c ./Core/Src/sysmem.o
 .debug_macro   0x00017367      0x1ec ./Core/Src/system_stm32f4xx.o
 .debug_macro   0x00017553      0x24c ./Drivers/STM32F4xx_HAL_Driver/Src/stm32f4xx_hal.o
 .debug_macro   0x0001779f      0x1ed ./Drivers/STM32F4xx_HAL_Driver/Src/stm32f4xx_hal_adc.o
 .debug_macro   0x0001798c      0x1ec ./Drivers/STM32F4xx_HAL_Driver/Src/stm32f4xx_hal_cortex.o
 .debug_macro   0x00017b78      0x1f2 ./Drivers/STM32F4xx_HAL_Driver/Src/stm32f4xx_hal_gpio.o
 .debug_macro   0x00017d6a      0x210 ./Drivers/STM32F4xx_HAL_Driver/Src/stm32f4xx_hal_rcc.o
 .debug_macro   0x00017f7a      0x1ed ./Drivers/STM32F4xx_HAL_Driver/Src/stm32f4xx_hal_tim.o
 .debug_macro   0x00018167      0x1ec ./Drivers/STM32F4xx_HAL_Driver/Src/stm32f4xx_hal_tim_ex.o

.debug_line     0x00000000     0xd31e
 .debug_line    0x00000000      0xc40 ./Core/Src/emote.o
 .debug_line    0x00000c40      0x8f8 ./Core/Src/fumobot.o
 .debug_line    0x00001538      0xa47 ./Core/Src/main.o
 .debug_line    0x00001f7f      0xa05 ./Core/Src/servo.o
 .debug_line    0x00002984      0x785 ./Core/Src/stm32f4xx_hal_msp.o
 .debug_line    0x00003109      0x785 ./Core/Src/stm32f4xx_it.o
 .debug_line    0x0000388e      0x4c2 ./Core/Src/sysmem.o
 .debug_line    0x00003d50      0x74c ./Core/Src/system_stm32f4xx.o
 .debug_line    0x0000449c       0x7a ./Core/Startup/startup_stm32f411ceux.o
 .debug_line    0x00004516      0x9cb ./Drivers/STM32F4xx_HAL_Driver/Src/stm32f4xx_hal.o
 .debug_line    0x00004ee1     0x111f ./Drivers/STM32F4xx_HAL_Driver/Src/stm32f4xx_hal_adc.o
 .debug_line    0x00006000      0xc98 ./Drivers/STM32F4xx_HAL_Driver/Src/stm32f4xx_hal_cortex.o
 .debug_line    0x00006c98      0xae1 ./Drivers/STM32F4xx_HAL_Driver/Src/stm32f4xx_hal_gpio.o
 .debug_line    0x00007779      0xdd5 ./Drivers/STM32F4xx_HAL_Driver/Src/stm32f4xx_hal_rcc.o
 .debug_line    0x0000854e     0x350d ./Drivers/STM32F4xx_HAL_Driver/Src/stm32f4xx_hal_tim.o
 .debug_line    0x0000ba5b     0x18c3 ./Drivers/STM32F4xx_HAL_Driver/Src/stm32f4xx_hal_tim_ex.o

.debug_str      0x00000000    0x98f48
 .debug_str     0x00000000    0x98f48 ./Core/Src/emote.o
                              0x95c94 (size before relaxing)
 .debug_str     0x00098f48    0x95d4e ./Core/Src/fumobot.o
 .debug_str     0x00098f48    0x9620a ./Core/Src/main.o
 .debug_str     0x00098f48    0x9456c ./Core/Src/servo.o
 .debug_str     0x00098f48    0x9133d ./Core/Src/stm32f4xx_hal_msp.o
 .debug_str     0x00098f48    0x90ae8 ./Core/Src/stm32f4xx_it.o
 .debug_str     0x00098f48     0x7705 ./Core/Src/sysmem.o
 .debug_str     0x00098f48    0x90c24 ./Core/Src/system_stm32f4xx.o
 .debug_str     0x00098f48       0x7d ./Core/Startup/startup_stm32f411ceux.o
 .debug_str     0x00098f48    0x91650 ./Drivers/STM32F4xx_HAL_Driver/Src/stm32f4xx_hal.o
 .debug_str     0x00098f48    0x911ff ./Drivers/STM32F4xx_HAL_Driver/Src/stm32f4xx_hal_adc.o
 .debug_str     0x00098f48    0x913ba ./Drivers/STM32F4xx_HAL_Driver/Src/stm32f4xx_hal_cortex.o
 .debug_str     0x00098f48    0x90d9f ./Drivers/STM32F4xx_HAL_Driver/Src/stm32f4xx_hal_gpio.o
 .debug_str     0x00098f48    0x91058 ./Drivers/STM32F4xx_HAL_Driver/Src/stm32f4xx_hal_rcc.o
 .debug_str     0x00098f48    0x91f9c ./Drivers/STM32F4xx_HAL_Driver/Src/stm32f4xx_hal_tim.o
 .debug_str     0x00098f48    0x917a8 ./Drivers/STM32F4xx_HAL_Driver/Src/stm32f4xx_hal_tim_ex.o

.comment        0x00000000       0x43
 .comment       0x00000000       0x43 ./Core/Src/emote.o
                                 0x44 (size before relaxing)
 .comment       0x00000043       0x44 ./Core/Src/fumobot.o
 .comment       0x00000043       0x44 ./Core/Src/main.o
 .comment       0x00000043       0x44 ./Core/Src/servo.o
 .comment       0x00000043       0x44 ./Core/Src/stm32f4xx_hal_msp.o
 .comment       0x00000043       0x44 ./Core/Src/stm32f4xx_it.o
 .comment       0x00000043       0x44 ./Core/Src/sysmem.o
 .comment       0x00000043       0x44 ./Core/Src/system_stm32f4xx.o
 .comment       0x00000043       0x44 ./Drivers/STM32F4xx_HAL_Driver/Src/stm32f4xx_hal.o
 .comment       0x00000043       0x44 ./Drivers/STM32F4xx_HAL_Driver/Src/stm32f4xx_hal_adc.o
 .comment       0x00000043       0x44 ./Drivers/STM32F4xx_HAL_Driver/Src/stm32f4xx_hal_cortex.o
 .comment       0x00000043       0x44 ./Drivers/STM32F4xx_HAL_Driver/Src/stm32f4xx_hal_gpio.o
 .comment       0x00000043       0x44 ./Drivers/STM32F4xx_HAL_Driver/Src/stm32f4xx_hal_rcc.o
 .comment       0x00000043       0x44 ./Drivers/STM32F4xx_HAL_Driver/Src/stm32f4xx_hal_tim.o
 .comment       0x00000043       0x44 ./Drivers/STM32F4xx_HAL_Driver/Src/stm32f4xx_hal_tim_ex.o

.debug_frame    0x00000000     0x2ec0
 .debug_frame   0x00000000       0xec ./Core/Src/emote.o
 .debug_frame   0x000000ec       0x80 ./Core/Src/fumobot.o
 .debug_frame   0x0000016c       0xd8 ./Core/Src/main.o
 .debug_frame   0x00000244       0xc4 ./Core/Src/servo.o
 .debug_frame   0x00000308       0xe8 ./Core/Src/stm32f4xx_hal_msp.o
 .debug_frame   0x000003f0       0xf8 ./Core/Src/stm32f4xx_it.o
 .debug_frame   0x000004e8       0x34 ./Core/Src/sysmem.o
 .debug_frame   0x0000051c       0x50 ./Core/Src/system_stm32f4xx.o
 .debug_frame   0x0000056c      0x31c ./Drivers/STM32F4xx_HAL_Driver/Src/stm32f4xx_hal.o
 .debug_frame   0x00000888      0x3bc ./Drivers/STM32F4xx_HAL_Driver/Src/stm32f4xx_hal_adc.o
 .debug_frame   0x00000c44      0x4b8 ./Drivers/STM32F4xx_HAL_Driver/Src/stm32f4xx_hal_cortex.o
 .debug_frame   0x000010fc      0x130 ./Drivers/STM32F4xx_HAL_Driver/Src/stm32f4xx_hal_gpio.o
 .debug_frame   0x0000122c      0x1d8 ./Drivers/STM32F4xx_HAL_Driver/Src/stm32f4xx_hal_rcc.o
 .debug_frame   0x00001404     0x10e8 ./Drivers/STM32F4xx_HAL_Driver/Src/stm32f4xx_hal_tim.o
 .debug_frame   0x000024ec      0x600 ./Drivers/STM32F4xx_HAL_Driver/Src/stm32f4xx_hal_tim_ex.o
 .debug_frame   0x00002aec       0x30 /home/club/st/stm32cubeide_2.1.1/plugins/com.st.stm32cube.ide.mcu.externaltools.gnu-tools-for-stm32.14.3.rel1.linux64_1.0.100.202602081740/tools/bin/../lib/gcc/arm-none-eabi/14.3.1/../../../../arm-none-eabi/lib/thumb/v7e-m+fp/hard/libc_nano.a(libc_a-malloc.o)
 .debug_frame   0x00002b1c       0x50 /home/club/st/stm32cubeide_2.1.1/plugins/com.st.stm32cube.ide.mcu.externaltools.gnu-tools-for-stm32.14.3.rel1.linux64_1.0.100.202602081740/tools/bin/../lib/gcc/arm-none-eabi/14.3.1/../../../../arm-none-eabi/lib/thumb/v7e-m+fp/hard/libc_nano.a(libc_a-mallocr.o)
 .debug_frame   0x00002b6c       0x30 /home/club/st/stm32cubeide_2.1.1/plugins/com.st.stm32cube.ide.mcu.externaltools.gnu-tools-for-stm32.14.3.rel1.linux64_1.0.100.202602081740/tools/bin/../lib/gcc/arm-none-eabi/14.3.1/../../../../arm-none-eabi/lib/thumb/v7e-m+fp/hard/libc_nano.a(libc_a-mlock.o)
 .debug_frame   0x00002b9c      0x144 /home/club/st/stm32cubeide_2.1.1/plugins/com.st.stm32cube.ide.mcu.externaltools.gnu-tools-for-stm32.14.3.rel1.linux64_1.0.100.202602081740/tools/bin/../lib/gcc/arm-none-eabi/14.3.1/../../../../arm-none-eabi/lib/thumb/v7e-m+fp/hard/libc_nano.a(libc_a-findfp.o)
 .debug_frame   0x00002ce0       0x20 /home/club/st/stm32cubeide_2.1.1/plugins/com.st.stm32cube.ide.mcu.externaltools.gnu-tools-for-stm32.14.3.rel1.linux64_1.0.100.202602081740/tools/bin/../lib/gcc/arm-none-eabi/14.3.1/../../../../arm-none-eabi/lib/thumb/v7e-m+fp/hard/libc_nano.a(libc_a-memset.o)
 .debug_frame   0x00002d00       0x38 /home/club/st/stm32cubeide_2.1.1/plugins/com.st.stm32cube.ide.mcu.externaltools.gnu-tools-for-stm32.14.3.rel1.linux64_1.0.100.202602081740/tools/bin/../lib/gcc/arm-none-eabi/14.3.1/../../../../arm-none-eabi/lib/thumb/v7e-m+fp/hard/libc_nano.a(libc_a-reent.o)
 .debug_frame   0x00002d38       0x2c /home/club/st/stm32cubeide_2.1.1/plugins/com.st.stm32cube.ide.mcu.externaltools.gnu-tools-for-stm32.14.3.rel1.linux64_1.0.100.202602081740/tools/bin/../lib/gcc/arm-none-eabi/14.3.1/../../../../arm-none-eabi/lib/thumb/v7e-m+fp/hard/libc_nano.a(libc_a-sbrkr.o)
 .debug_frame   0x00002d64       0x20 /home/club/st/stm32cubeide_2.1.1/plugins/com.st.stm32cube.ide.mcu.externaltools.gnu-tools-for-stm32.14.3.rel1.linux64_1.0.100.202602081740/tools/bin/../lib/gcc/arm-none-eabi/14.3.1/../../../../arm-none-eabi/lib/thumb/v7e-m+fp/hard/libc_nano.a(libc_a-errno.o)
 .debug_frame   0x00002d84       0x2c /home/club/st/stm32cubeide_2.1.1/plugins/com.st.stm32cube.ide.mcu.externaltools.gnu-tools-for-stm32.14.3.rel1.linux64_1.0.100.202602081740/tools/bin/../lib/gcc/arm-none-eabi/14.3.1/../../../../arm-none-eabi/lib/thumb/v7e-m+fp/hard/libc_nano.a(libc_a-init.o)
 .debug_frame   0x00002db0       0xb0 /home/club/st/stm32cubeide_2.1.1/plugins/com.st.stm32cube.ide.mcu.externaltools.gnu-tools-for-stm32.14.3.rel1.linux64_1.0.100.202602081740/tools/bin/../lib/gcc/arm-none-eabi/14.3.1/../../../../arm-none-eabi/lib/thumb/v7e-m+fp/hard/libc_nano.a(libc_a-lock.o)
 .debug_frame   0x00002e60       0x2c /home/club/st/stm32cubeide_2.1.1/plugins/com.st.stm32cube.ide.mcu.externaltools.gnu-tools-for-stm32.14.3.rel1.linux64_1.0.100.202602081740/tools/bin/../lib/gcc/arm-none-eabi/14.3.1/thumb/v7e-m+fp/hard/libgcc.a(_aeabi_uldivmod.o)
 .debug_frame   0x00002e8c       0x34 /home/club/st/stm32cubeide_2.1.1/plugins/com.st.stm32cube.ide.mcu.externaltools.gnu-tools-for-stm32.14.3.rel1.linux64_1.0.100.202602081740/tools/bin/../lib/gcc/arm-none-eabi/14.3.1/thumb/v7e-m+fp/hard/libgcc.a(_udivmoddi4.o)

.debug_line_str
                0x00000000       0x61
 .debug_line_str
                0x00000000       0x61 ./Core/Startup/startup_stm32f411ceux.o
